src/app/api/imports/[id]/report/route.ts(38,19): error TS18046: 'row' is of type 'unknown'.
src/app/api/imports/[id]/report/route.ts(39,19): error TS18046: 'row' is of type 'unknown'.
src/app/api/imports/[id]/report/route.ts(40,19): error TS18046: 'row' is of type 'unknown'.
src/app/api/imports/[id]/report/route.ts(41,19): error TS18046: 'row' is of type 'unknown'.
src/app/api/imports/[id]/report/route.ts(42,19): error TS18046: 'row' is of type 'unknown'.
src/app/api/imports/[id]/report/route.ts(43,19): error TS18046: 'row' is of type 'unknown'.
src/app/api/ytm/route.ts(673,33): error TS2322: Type 'string | null' is not assignable to type 'string | undefined'.
  Type 'null' is not assignable to type 'string | undefined'.
src/app/api/ytm/route.ts(675,35): error TS2677: A type predicate's type must be assignable to its parameter's type.
  Type 'PlaylistItem' is not assignable to type '{ id: string; title: string; subtitle: string | null; }'.
    Types of property 'subtitle' are incompatible.
      Type 'string | undefined' is not assignable to type 'string | null'.
        Type 'undefined' is not assignable to type 'string | null'.
src/app/api/ytm/route.ts(677,39): error TS18047: 'item' is possibly 'null'.
src/app/runs/page.tsx(15,22): error TS2322: Type 'unknown[]' is not assignable to type 'RunSummary[]'.
  Type 'unknown' is not assignable to type 'RunSummary'.
